// Vitest Snapshot v1, https://vitest.dev/guide/snapshot.html

exports[`@xsai/generate-object > basic 1`] = `
{
  "ingredients": [
    {
      "amount": "2",
      "name": "steak",
    },
    {
      "amount": "1/4 cup",
      "name": "olive oil",
    },
    {
      "amount": "",
      "name": "garlic powder",
    },
    {
      "amount": "",
      "name": "paprika",
    },
    {
      "amount": "1 tablespoon",
      "name": "dried thyme",
    },
    {
      "amount": "1 tablespoon",
      "name": "salt",
    },
    {
      "amount": "1/2 teaspoon",
      "name": "black pepper",
    },
  ],
  "name": "herb-crusted sous-vide steak",
  "steps": [
    "{"action": "Season the steaks with garlic powder, paprika, thyme, salt, and black pepper. Rub olive oil over the steaks to keep the seasonings on surface of meat."}",
    "Do not season the steak now,  you do this in the bag before putting steak in water bath.",
    "{"time", "30-60 minutes"}",
    "{"action": "Submerge the steaks in a sous-vide water bath at 130°F (54°C). Seal the bag to allow for even circulation of heat and prevent contamination."}",
    "{"time", "6-12 hours"}",
    "{"action": "Remove the steaks from the vacuum bag and let them come room temperature. Pat dry with paper towels before adding butter or sauce if desired. Serve immediately."}",
  ],
}
`;
